aiTestUtility.c:159:5:ioRawGetUint8	8	static
aiTestUtility.c:217:6:ioRawWriteBuffer	8	static
aiTestUtility.c:226:6:ioRawReadBuffer	8	static
aiTestUtility.c:235:6:ioRawDisableLLWrite	0	static
aiTestUtility.c:246:5:_write	8	static
aiTestUtility.c:322:13:_put_c_driver	16	static
aiTestUtility.c:328:6:lc_print	16	static
aiTestUtility.c:354:7:__wrap_malloc	16	static
aiTestUtility.c:394:6:__wrap_free	8	static
aiTestUtility.c:445:6:stackMonInit	16	static
aiTestUtility.c:503:10:systemCoreClock	0	static
aiTestUtility.c:514:5:dwtCyclesToTime	48	static
aiTestUtility.c:531:7:dwtCyclesToFloatMs	24	static
aiTestUtility.c:593:10:getFlashCacheConf	0	static
aiTestUtility.c:598:6:systemSettingLog	24	static
